// Vitest Snapshot v1, https://vitest.dev/guide/snapshot.html

exports[`PageShell > matches snapshot 1`] = `
<div
  class="page-layout"
>
  <h1
    style="font-size: var(--text-lg); font-weight: 500; margin: 0 0 var(--space-4) 0; color: var(--color-text-primary);"
  >
    Test Title
  </h1>
  <div
    aria-hidden="true"
    role="separator"
    style="height: 1px; background: var(--color-border); margin-bottom: var(--space-4);"
  />
  <main>
    <p>
      Child content
    </p>
  </main>
</div>
`;
